[POSTag { word: "I", label: "PRP" }, POSTag { word: "am", label: "VBP" }, POSTag { word: "by", label: "IN" }, POSTag { word: "birth", label: "NN" }, POSTag { word: "a", label: "DT" }, POSTag { word: "Genevese", label: "NNP" }, POSTag { word: ",", label: "DT" }, POSTag { word: "and", label: "CC" }, POSTag { word: "my", label: "PRP" }, POSTag { word: "family", label: "NN" }, POSTag { word: "is", label: "VBZ" }, POSTag { word: "one", label: "CD" }, POSTag { word: "of", label: "IN" }, POSTag { word: "the", label: "DT" }, POSTag { word: "most", label: "RBS" }, POSTag { word: "distinguished", label: "JJ" }, POSTag { word: "of", label: "IN" }, POSTag { word: "that", label: "DT" }, POSTag { word: "republic", label: "NN" }, POSTag { word: ".", label: "." }, POSTag { word: "My", label: "PRP" }, POSTag { word: "ancestors", label: "NNS" }, POSTag { word: "had", label: "VBD" }, POSTag { word: "been", label: "VBN" }, POSTag { word: "for", label: "IN" }, POSTag { word: "many", label: "JJ" }, POSTag { word: "years", label: "NNS" }, POSTag { word: "counsellors", label: "NNS" }, POSTag { word: "and", label: "CC" }, POSTag { word: "syndics", label: "NNS" }, POSTag { word: ",", label: "DT" }, POSTag { word: "and", label: "CC" }, POSTag { word: "my", label: "PRP" }, POSTag { word: "father", label: "NN" }, POSTag { word: "had", label: "VBD" }, POSTag { word: "filled", label: "VBN" }, POSTag { word: "several", label: "JJ" }, POSTag { word: "public", label: "JJ" }, POSTag { word: "situations", label: "NNS" }, POSTag { word: "with", label: "IN" }, POSTag { word: "honour", label: "NN" }, POSTag { word: "and", label: "CC" }, POSTag { word: "reputation", label: "NN" }, POSTag { word: ".", label: "." }, POSTag { word: "He", label: "PRP" }, POSTag { word: "was", label: "VBD" }, POSTag { word: "respected", label: "VBN" }, POSTag { word: "by", label: "IN" }, POSTag { word: "all", label: "DT" }, POSTag { word: "who", label: "WP" }, POSTag { word: "knew", label: "VBD" }, POSTag { word: "him", label: "PRP" }, POSTag { word: "for", label: "IN" }, POSTag { word: "his", label: "PRP" }, POSTag { word: "integrity", label: "NN" }, POSTag { word: "and", label: "CC" }, POSTag { word: "indefatigable", label: "JJ" }, POSTag { word: "attention", label: "NN" }, POSTag { word: "to", label: "TO" }, POSTag { word: "public", label: "JJ" }, POSTag { word: "business", label: "NN" }, POSTag { word: ".", label: "." }, POSTag { word: "He", label: "PRP" }, POSTag { word: "passed", label: "VBD" }, POSTag { word: "his", label: "PRP" }, POSTag { word: "younger", label: "JJ" }, POSTag { word: "days", label: "NNS" }, POSTag { word: "perpetually", label: "RB" }, POSTag { word: "occupied", label: "VBN" }, POSTag { word: "by", label: "IN" }, POSTag { word: "the", label: "DT" }, POSTag { word: "affairs", label: "NNS" }, POSTag { word: "of", label: "IN" }, POSTag { word: "his", label: "PRP" }, POSTag { word: "country", label: "NN" }, POSTag { word: ";", label: "IN" }, POSTag { word: "a", label: "DT" }, POSTag { word: "variety", label: "NN" }, POSTag { word: "of", label: "IN" }, POSTag { word: "circumstances", label: "NNS" }, POSTag { word: "had", label: "VBD" }, POSTag { word: "prevented", label: "VBN" }, POSTag { word: "his", label: "PRP" }, POSTag { word: "marrying", label: "VBG" }, POSTag { word: "early", label: "RB" }, POSTag { word: ",", label: "DT" }, POSTag { word: "nor", label: "CC" }, POSTag { word: "was", label: "VBD" }, POSTag { word: "it", label: "PRP" }, POSTag { word: "until", label: "IN" }, POSTag { word: "the", label: "DT" }, POSTag { word: "decline", label: "NN" }, POSTag { word: "of", label: "IN" }, POSTag { word: "life", label: "NN" }, POSTag { word: "that", label: "IN" }, POSTag { word: "he", label: "PRP" }, POSTag { word: "became", label: "VBD" }, POSTag { word: "a", label: "DT" }, POSTag { word: "husband", label: "NN" }, POSTag { word: "and", label: "CC" }, POSTag { word: "the", label: "DT" }, POSTag { word: "father", label: "NN" }, POSTag { word: "of", label: "IN" }, POSTag { word: "a", label: "DT" }, POSTag { word: "family", label: "NN" }, POSTag { word: ".", label: "." }, POSTag { word: "As", label: "IN" }, POSTag { word: "the", label: "DT" }, POSTag { word: "circumstances", label: "NNS" }, POSTag { word: "of", label: "IN" }, POSTag { word: "his", label: "PRP" }, POSTag { word: "marriage", label: "NN" }, POSTag { word: "illustrate", label: "VBP" }, POSTag { word: "his", label: "PRP" }, POSTag { word: "character", label: "NN" }]